// Vitest Snapshot v1, https://vitest.dev/guide/snapshot.html

exports[`unit:utils/sliceChunks > should return chunks spanning \`range\` (0) 1`] = `[]`;

exports[`unit:utils/sliceChunks > should return chunks spanning \`range\` (1) 1`] = `[]`;

exports[`unit:utils/sliceChunks > should return chunks spanning \`range\` (2) 1`] = `
[
  "--color",
]
`;

exports[`unit:utils/sliceChunks > should return chunks spanning \`range\` (3) 1`] = `
[
  "+",
  -13,
  "1",
]
`;

exports[`unit:utils/sliceChunks > should return chunks spanning \`range\` (4) 1`] = `
[
  51,
  52,
  53,
  54,
]
`;
